ERROR: Type check error: Invalid binary operands for '+' (left: bool, right: bool)
