ERROR: Type check error: Type mismatch: expected bool, found i64
