ERROR: Module 'geom.point' does not define 'DoesNotExist'
